18:19:02 **** Incremental Build of configuration Debug for project LAB4 ****
make -j8 all 
arm-none-eabi-gcc "../Core/Src/uart_communiation_fsm.c" -mcpu=cortex-m3 -std=gnu11 -g3 -DDEBUG -DUSE_HAL_DRIVER -DSTM32F103x6 -c -I../Core/Inc -I../Drivers/STM32F1xx_HAL_Driver/Inc -I../Drivers/STM32F1xx_HAL_Driver/Inc/Legacy -I../Drivers/CMSIS/Device/ST/STM32F1xx/Include -I../Drivers/CMSIS/Include -O0 -ffunction-sections -fdata-sections -Wall -fstack-usage -MMD -MP -MF"Core/Src/uart_communiation_fsm.d" -MT"Core/Src/uart_communiation_fsm.o" --specs=nano.specs -mfloat-abi=soft -mthumb -o "Core/Src/uart_communiation_fsm.o"
../Core/Src/uart_communiation_fsm.c: In function 'uart_communiation_fsm':
../Core/Src/uart_communiation_fsm.c:17:24: warning: passing argument 1 of 'compare_string' makes pointer from integer without a cast [-Wint-conversion]
   17 |     if (compare_string(command_data, temp)==1) {
      |                        ^~~~~~~~~~~~
      |                        |
      |                        uint8_t {aka unsigned char}
In file included from ../Core/Inc/uart_communiation_fsm.h:11,
                 from ../Core/Src/uart_communiation_fsm.c:8:
../Core/Inc/global.h:43:29: note: expected 'uint8_t *' {aka 'unsigned char *'} but argument is of type 'uint8_t' {aka 'unsigned char'}
   43 | int compare_string(uint8_t* data1, uint8_t* data2);
      |                    ~~~~~~~~~^~~~~
../Core/Src/uart_communiation_fsm.c:19:46: warning: implicit declaration of function 'sprintf' [-Wimplicit-function-declaration]
   19 |      HAL_UART_Transmit(&huart2, (void *)str, sprintf(str, "\r\n"), 100);
      |                                              ^~~~~~~
../Core/Src/uart_communiation_fsm.c:19:46: warning: incompatible implicit declaration of built-in function 'sprintf'
../Core/Src/uart_communiation_fsm.c:9:1: note: include '<stdio.h>' or provide a declaration of 'sprintf'
    8 | #include "uart_communiation_fsm.h"
  +++ |+#include <stdio.h>
    9 | 
../Core/Src/uart_communiation_fsm.c:33:45: warning: incompatible implicit declaration of built-in function 'sprintf'
   33 |     HAL_UART_Transmit(&huart2, (void *)str, sprintf(str, "!ADC=%ld#\r\n", ADC_value), 1000);
      |                                             ^~~~~~~
../Core/Src/uart_communiation_fsm.c:33:45: note: include '<stdio.h>' or provide a declaration of 'sprintf'
../Core/Src/uart_communiation_fsm.c:39:24: warning: passing argument 1 of 'compare_string' makes pointer from integer without a cast [-Wint-conversion]
   39 |     if (compare_string(command_data, temp)==1) {
      |                        ^~~~~~~~~~~~
      |                        |
      |                        uint8_t {aka unsigned char}
In file included from ../Core/Inc/uart_communiation_fsm.h:11,
                 from ../Core/Src/uart_communiation_fsm.c:8:
../Core/Inc/global.h:43:29: note: expected 'uint8_t *' {aka 'unsigned char *'} but argument is of type 'uint8_t' {aka 'unsigned char'}
   43 | int compare_string(uint8_t* data1, uint8_t* data2);
      |                    ~~~~~~~~~^~~~~
arm-none-eabi-gcc -o "LAB4.elf" @"objects.list"   -mcpu=cortex-m3 -T"D:\Study\MCU\LAD_MCU\LAB4\LAB4\STM32F103C6UX_FLASH.ld" --specs=nosys.specs -Wl,-Map="LAB4.map" -Wl,--gc-sections -static --specs=nano.specs -mfloat-abi=soft -mthumb -Wl,--start-group -lc -lm -Wl,--end-group
Finished building target: LAB4.elf
 
arm-none-eabi-size   LAB4.elf 
arm-none-eabi-objdump -h -S  LAB4.elf  > "LAB4.list"
arm-none-eabi-objcopy  -O ihex  LAB4.elf  "LAB4.hex"
   text	   data	    bss	    dec	    hex	filename
  16752	    124	   1908	  18784	   4960	LAB4.elf
arm-none-eabi-objcopy  -O binary  LAB4.elf  "LAB4.bin"
Finished building: default.size.stdout
 
Finished building: LAB4.hex
Finished building: LAB4.bin
 
 
Finished building: LAB4.list
 

18:19:03 Build Finished. 0 errors, 5 warnings. (took 610ms)

